../Core/Src/main.c:111:5:main	72	static
../Core/Src/main.c:182:6:SystemClock_Config	128	static
../Core/Src/main.c:233:13:MX_I2C1_Init	8	static
../Core/Src/main.c:281:13:MX_SPI1_Init	8	static
../Core/Src/main.c:321:13:MX_USART1_UART_Init	8	static
../Core/Src/main.c:356:13:MX_USB_PCD_Init	8	static
../Core/Src/main.c:387:13:MX_GPIO_Init	48	static
../Core/Src/main.c:435:6:ReleaseSemaphores2BeAcquired	8	static
../Core/Src/main.c:442:6:HPT_UART_Send	192	static
../Core/Src/main.c:471:6:MPT_UART_Send	192	static
../Core/Src/main.c:500:6:LPT_UART_Send	192	static
../Core/Src/main.c:529:6:VLPT_UART_Send	192	static
../Core/Src/main.c:558:6:HPT_Task_Start	16	static
../Core/Src/main.c:567:6:MPT_Task_Start	16	static
../Core/Src/main.c:575:6:LPT_Task_Start	16	static
../Core/Src/main.c:583:6:VLPT_Task_Start	16	static
../Core/Src/main.c:591:6:HAL_UART_RxCpltCallback	24	static,ignoring_inline_asm
../Core/Src/main.c:626:6:HAL_TIM_PeriodElapsedCallback	16	static
../Core/Src/main.c:643:6:Error_Handler	4	static,ignoring_inline_asm
